[debug] [2026-05-08T00:29:08.269Z] ----------------------------------------------------------------------
[debug] [2026-05-08T00:29:08.271Z] Command:       C:\Program Files\nodejs\node.exe C:\Users\zepha\AppData\Roaming\npm\node_modules\firebase-tools\lib\bin\firebase.js deploy --only functions
[debug] [2026-05-08T00:29:08.271Z] CLI Version:   15.16.0
[debug] [2026-05-08T00:29:08.271Z] Platform:      win32
[debug] [2026-05-08T00:29:08.271Z] Node Version:  v24.15.0
[debug] [2026-05-08T00:29:08.271Z] Time:          Fri May 08 2026 02:29:08 GMT+0200 (heure d’été d’Europe centrale)
[debug] [2026-05-08T00:29:08.271Z] ----------------------------------------------------------------------
[debug] 
[debug] [2026-05-08T00:29:09.419Z] > command requires scopes: ["email","openid","https://www.googleapis.com/auth/cloudplatformprojects.readonly","https://www.googleapis.com/auth/firebase","https://www.googleapis.com/auth/cloud-platform"]
[debug] [2026-05-08T00:29:09.420Z] > authorizing via signed-in user (anthony.rosin@gmail.com)
[debug] [2026-05-08T00:29:09.420Z] [iam] checking project shiftsync-5ebda for permissions ["cloudfunctions.functions.create","cloudfunctions.functions.delete","cloudfunctions.functions.get","cloudfunctions.functions.list","cloudfunctions.functions.update","cloudfunctions.operations.get","firebase.projects.get"]
[debug] [2026-05-08T00:29:09.420Z] Checked if tokens are valid: true, expires at: 1778201825253
[debug] [2026-05-08T00:29:09.421Z] Checked if tokens are valid: true, expires at: 1778201825253
[debug] [2026-05-08T00:29:09.421Z] >>> [apiv2][query] POST https://cloudresourcemanager.googleapis.com/v1/projects/shiftsync-5ebda:testIamPermissions [none]
[debug] [2026-05-08T00:29:09.421Z] >>> [apiv2][(partial)header] POST https://cloudresourcemanager.googleapis.com/v1/projects/shiftsync-5ebda:testIamPermissions  x-goog-user-project=shiftsync-5ebda
[debug] [2026-05-08T00:29:09.421Z] >>> [apiv2][body] POST https://cloudresourcemanager.googleapis.com/v1/projects/shiftsync-5ebda:testIamPermissions {"permissions":["cloudfunctions.functions.create","cloudfunctions.functions.delete","cloudfunctions.functions.get","cloudfunctions.functions.list","cloudfunctions.functions.update","cloudfunctions.operations.get","firebase.projects.get"]}
[debug] [2026-05-08T00:29:10.078Z] <<< [apiv2][status] POST https://cloudresourcemanager.googleapis.com/v1/projects/shiftsync-5ebda:testIamPermissions 200
[debug] [2026-05-08T00:29:10.078Z] <<< [apiv2][body] POST https://cloudresourcemanager.googleapis.com/v1/projects/shiftsync-5ebda:testIamPermissions {"permissions":["cloudfunctions.functions.create","cloudfunctions.functions.delete","cloudfunctions.functions.get","cloudfunctions.functions.list","cloudfunctions.functions.update","cloudfunctions.operations.get","firebase.projects.get"]}
[debug] [2026-05-08T00:29:10.078Z] Checked if tokens are valid: true, expires at: 1778201825253
[debug] [2026-05-08T00:29:10.078Z] Checked if tokens are valid: true, expires at: 1778201825253
[debug] [2026-05-08T00:29:10.078Z] >>> [apiv2][query] POST https://iam.googleapis.com/v1/projects/shiftsync-5ebda/serviceAccounts/shiftsync-5ebda@appspot.gserviceaccount.com:testIamPermissions [none]
[debug] [2026-05-08T00:29:10.078Z] >>> [apiv2][body] POST https://iam.googleapis.com/v1/projects/shiftsync-5ebda/serviceAccounts/shiftsync-5ebda@appspot.gserviceaccount.com:testIamPermissions {"permissions":["iam.serviceAccounts.actAs"]}
[debug] [2026-05-08T00:29:10.720Z] <<< [apiv2][status] POST https://iam.googleapis.com/v1/projects/shiftsync-5ebda/serviceAccounts/shiftsync-5ebda@appspot.gserviceaccount.com:testIamPermissions 200
[debug] [2026-05-08T00:29:10.720Z] <<< [apiv2][body] POST https://iam.googleapis.com/v1/projects/shiftsync-5ebda/serviceAccounts/shiftsync-5ebda@appspot.gserviceaccount.com:testIamPermissions {"permissions":["iam.serviceAccounts.actAs"]}
[info] 
[info] === Deploying to 'shiftsync-5ebda'...
[info] 
[info] i  deploying functions 
[debug] [2026-05-08T00:29:10.723Z] Checked if tokens are valid: true, expires at: 1778201825253
[debug] [2026-05-08T00:29:10.723Z] Checked if tokens are valid: true, expires at: 1778201825253
[debug] [2026-05-08T00:29:10.723Z] >>> [apiv2][query] GET https://cloudresourcemanager.googleapis.com/v1/projects/shiftsync-5ebda [none]
[debug] [2026-05-08T00:29:10.905Z] <<< [apiv2][status] GET https://cloudresourcemanager.googleapis.com/v1/projects/shiftsync-5ebda 200
[debug] [2026-05-08T00:29:10.905Z] <<< [apiv2][body] GET https://cloudresourcemanager.googleapis.com/v1/projects/shiftsync-5ebda {"projectNumber":"17662196576","projectId":"shiftsync-5ebda","lifecycleState":"ACTIVE","name":"ShiftSync","labels":{"firebase":"enabled","firebase-core":"disabled"},"createTime":"2026-04-28T18:47:25.917Z"}
[info] i  functions: preparing codebase default for deployment 
[info] i  functions: ensuring required API cloudfunctions.googleapis.com is enabled... 
[info] i  functions: ensuring required API cloudbuild.googleapis.com is enabled... 
[info] i  artifactregistry: ensuring required API artifactregistry.googleapis.com is enabled... 
[debug] [2026-05-08T00:29:10.907Z] Checked if tokens are valid: true, expires at: 1778201825253
[debug] [2026-05-08T00:29:10.907Z] Checked if tokens are valid: true, expires at: 1778201825253
[debug] [2026-05-08T00:29:10.907Z] >>> [apiv2][query] GET https://firebase.googleapis.com/v1beta1/projects/shiftsync-5ebda/adminSdkConfig [none]
[debug] [2026-05-08T00:29:11.478Z] <<< [apiv2][status] GET https://firebase.googleapis.com/v1beta1/projects/shiftsync-5ebda/adminSdkConfig 200
[debug] [2026-05-08T00:29:11.478Z] <<< [apiv2][body] GET https://firebase.googleapis.com/v1beta1/projects/shiftsync-5ebda/adminSdkConfig {"projectId":"shiftsync-5ebda","storageBucket":"shiftsync-5ebda.firebasestorage.app"}
[debug] [2026-05-08T00:29:11.479Z] Checked if tokens are valid: true, expires at: 1778201825253
[debug] [2026-05-08T00:29:11.479Z] Checked if tokens are valid: true, expires at: 1778201825253
[debug] [2026-05-08T00:29:11.479Z] >>> [apiv2][query] GET https://runtimeconfig.googleapis.com/v1beta1/projects/shiftsync-5ebda/configs [none]
